Last login: Thu Sep 10 11:44:28 on ttys000
amber@MacBook-Pro-van-Amber ~ % git --version
git version 2.24.3 (Apple Git-128)
amber@MacBook-Pro-van-Amber ~ % cd documents
amber@MacBook-Pro-van-Amber documents % cdschool
zsh: command not found: cdschool
amber@MacBook-Pro-van-Amber documents % cd school
amber@MacBook-Pro-van-Amber school % mediadeveloper
zsh: command not found: mediadeveloper
amber@MacBook-Pro-van-Amber school % mediadeveloper
zsh: command not found: mediadeveloper
amber@MacBook-Pro-van-Amber school % cd mediadeveloper
amber@MacBook-Pro-van-Amber mediadeveloper % cd PythonAchievements
amber@MacBook-Pro-van-Amber PythonAchievements % ls
helloWorld.py
amber@MacBook-Pro-van-Amber PythonAchievements % git init
Initialized empty Git repository in /Users/amber/Documents/school/mediadeveloper/PythonAchievements/.git/
amber@MacBook-Pro-van-Amber PythonAchievements % dir /a
zsh: command not found: dir
amber@MacBook-Pro-van-Amber PythonAchievements % mkdir /a
mkdir: /a: Read-only file system
amber@MacBook-Pro-van-Amber PythonAchievements % mkdir /a
mkdir: /a: Read-only file system
amber@MacBook-Pro-van-Amber PythonAchievements % git status
On branch master

No commits yet

Untracked files:
  (use "git add <file>..." to include in what will be committed)
	.DS_Store
	helloWorld.py

nothing added to commit but untracked files present (use "git add" to track)
amber@MacBook-Pro-van-Amber PythonAchievements % git add helloWorld.py
amber@MacBook-Pro-van-Amber PythonAchievements % git status
On branch master

No commits yet

Changes to be committed:
  (use "git rm --cached <file>..." to unstage)
	new file:   helloWorld.py

Untracked files:
  (use "git add <file>..." to include in what will be committed)
	.DS_Store

amber@MacBook-Pro-van-Amber PythonAchievements % python3 helloWorld.py
hello world
how are you?
amber@MacBook-Pro-van-Amber PythonAchievements % git status
On branch master

No commits yet

Changes to be committed:
  (use "git rm --cached <file>..." to unstage)
	new file:   helloWorld.py

Changes not staged for commit:
  (use "git add <file>..." to update what will be committed)
  (use "git restore <file>..." to discard changes in working directory)
	modified:   helloWorld.py

Untracked files:
  (use "git add <file>..." to include in what will be committed)
	.DS_Store

amber@MacBook-Pro-van-Amber PythonAchievements % git commit -m "aanpassing geprinte tekst"
[master (root-commit) 0059290] aanpassing geprinte tekst
 1 file changed, 1 insertion(+)
 create mode 100644 helloWorld.py
amber@MacBook-Pro-van-Amber PythonAchievements % git status
On branch master
Changes not staged for commit:
  (use "git add <file>..." to update what will be committed)
  (use "git restore <file>..." to discard changes in working directory)
	modified:   helloWorld.py

Untracked files:
  (use "git add <file>..." to include in what will be committed)
	.DS_Store

no changes added to commit (use "git add" and/or "git commit -a")
amber@MacBook-Pro-van-Amber PythonAchievements % git log
commit 005929076b8a365e9dc74b1e32eb42b05bf2600b (HEAD -> master)
Author: Amber <AmberRosannee@outlook.com>
Date:   Fri Sep 11 14:38:03 2020 +0200

    aanpassing geprinte tekst
amber@MacBook-Pro-van-Amber PythonAchievements % git add helloWorl.py
fatal: pathspec 'helloWorl.py' did not match any files
amber@MacBook-Pro-van-Amber PythonAchievements % git status
On branch master
Changes not staged for commit:
  (use "git add <file>..." to update what will be committed)
  (use "git restore <file>..." to discard changes in working directory)
	modified:   helloWorld.py

Untracked files:
  (use "git add <file>..." to include in what will be committed)
	.DS_Store

no changes added to commit (use "git add" and/or "git commit -a")
amber@MacBook-Pro-van-Amber PythonAchievements % git status -- oneline
On branch master
nothing to commit, working tree clean
amber@MacBook-Pro-van-Amber PythonAchievements % 
